INFO 09-24 13:33:29 [__init__.py:216] Automatically detected platform cuda.
INFO 09-24 13:33:30 [utils.py:328] non-default args: {'max_model_len': 32768, 'disable_log_stats': True, 'kv_transfer_config': KVTransferConfig(kv_connector='LMCacheConnectorV1', engine_id='b0376a43-7f72-4aae-98a0-d1f8b6cd8464', kv_buffer_device='cuda', kv_buffer_size=1000000000.0, kv_role='kv_both', kv_rank=None, kv_parallel_size=1, kv_ip='127.0.0.1', kv_port=14579, kv_connector_extra_config={}, kv_connector_module_path=None), 'model': 'Qwen/Qwen3-4B-AWQ'}
INFO 09-24 13:33:35 [model.py:550] Resolved architecture: Qwen3ForCausalLM
INFO 09-24 13:33:35 [model.py:1577] Using max model len 32768
INFO 09-24 13:33:35 [awq_marlin.py:119] The model is convertible to awq_marlin during runtime. Using awq_marlin kernel.
INFO 09-24 13:33:35 [scheduler.py:205] Chunked prefill is enabled with max_num_batched_tokens=8192.
[1;36m(EngineCore_DP0 pid=157)[0;0m INFO 09-24 13:33:36 [core.py:644] Waiting for init message from front-end.
[1;36m(EngineCore_DP0 pid=157)[0;0m INFO 09-24 13:33:36 [core.py:77] Initializing a V1 LLM engine (v0.1.dev1+g690f948e4) with config: model='Qwen/Qwen3-4B-AWQ', speculative_config=None, tokenizer='Qwen/Qwen3-4B-AWQ', skip_tokenizer_init=False, tokenizer_mode=auto, revision=None, tokenizer_revision=None, trust_remote_code=False, dtype=torch.float16, max_seq_len=32768, download_dir=None, load_format=auto, tensor_parallel_size=1, pipeline_parallel_size=1, data_parallel_size=1, disable_custom_all_reduce=False, quantization=awq_marlin, enforce_eager=False, kv_cache_dtype=auto, device_config=cuda, structured_outputs_config=StructuredOutputsConfig(backend='auto', disable_fallback=False, disable_any_whitespace=False, disable_additional_properties=False, reasoning_parser=''), observability_config=ObservabilityConfig(show_hidden_metrics_for_version=None, otlp_traces_endpoint=None, collect_detailed_traces=None), seed=0, served_model_name=Qwen/Qwen3-4B-AWQ, enable_prefix_caching=True, chunked_prefill_enabled=True, pooler_config=None, compilation_config={"level":3,"debug_dump_path":"","cache_dir":"","backend":"","custom_ops":[],"splitting_ops":["vllm.unified_attention","vllm.unified_attention_with_output","vllm.mamba_mixer2","vllm.mamba_mixer","vllm.short_conv","vllm.linear_attention","vllm.plamo2_mamba_mixer","vllm.gdn_attention"],"use_inductor":true,"compile_sizes":[],"inductor_compile_config":{"enable_auto_functionalized_v2":false},"inductor_passes":{},"cudagraph_mode":[2,1],"use_cudagraph":true,"cudagraph_num_of_warmups":1,"cudagraph_capture_sizes":[512,504,496,488,480,472,464,456,448,440,432,424,416,408,400,392,384,376,368,360,352,344,336,328,320,312,304,296,288,280,272,264,256,248,240,232,224,216,208,200,192,184,176,168,160,152,144,136,128,120,112,104,96,88,80,72,64,56,48,40,32,24,16,8,4,2,1],"cudagraph_copy_inputs":false,"full_cuda_graph":false,"use_inductor_graph_partition":false,"pass_config":{},"max_capture_size":512,"local_cache_dir":null}
[Gloo] Rank 0 is connected to 0 peer ranks. Expected number of connected peer ranks is : 0
[Gloo] Rank 0 is connected to 0 peer ranks. Expected number of connected peer ranks is : 0
[Gloo] Rank 0 is connected to 0 peer ranks. Expected number of connected peer ranks is : 0
[Gloo] Rank 0 is connected to 0 peer ranks. Expected number of connected peer ranks is : 0
[Gloo] Rank 0 is connected to 0 peer ranks. Expected number of connected peer ranks is : 0
[Gloo] Rank 0 is connected to 0 peer ranks. Expected number of connected peer ranks is : 0
[1;36m(EngineCore_DP0 pid=157)[0;0m INFO 09-24 13:33:37 [parallel_state.py:1208] rank 0 in world size 1 is assigned as DP rank 0, PP rank 0, TP rank 0, EP rank 0
[1;36m(EngineCore_DP0 pid=157)[0;0m INFO 09-24 13:33:37 [factory.py:51] Creating v1 connector with name: LMCacheConnectorV1 and engine_id: b0376a43-7f72-4aae-98a0-d1f8b6cd8464
[1;36m(EngineCore_DP0 pid=157)[0;0m WARNING 09-24 13:33:37 [base.py:86] Initializing KVConnectorBase_V1. This API is experimental and subject to change in the future as we iterate the design.
[1;36m(EngineCore_DP0 pid=157)[0;0m INFO 09-24 13:33:39 [topk_topp_sampler.py:55] Using FlashInfer for top-p & top-k sampling.
[1;36m(EngineCore_DP0 pid=157)[0;0m INFO 09-24 13:33:40 [gpu_model_runner.py:2539] Starting to load model Qwen/Qwen3-4B-AWQ...
[1;36m(EngineCore_DP0 pid=157)[0;0m INFO 09-24 13:33:40 [gpu_model_runner.py:2571] Loading model from scratch...
[1;36m(EngineCore_DP0 pid=157)[0;0m INFO 09-24 13:33:40 [cuda.py:347] Using Flash Attention backend on V1 engine.
[1;36m(EngineCore_DP0 pid=157)[0;0m INFO 09-24 13:33:40 [weight_utils.py:392] Using model weights format ['*.safetensors']
[1;36m(EngineCore_DP0 pid=157)[0;0m INFO 09-24 13:33:40 [weight_utils.py:450] No model.safetensors.index.json found in remote.
[1;36m(EngineCore_DP0 pid=157)[0;0m INFO 09-24 13:33:40 [default_loader.py:267] Loading weights took 0.33 seconds
[1;36m(EngineCore_DP0 pid=157)[0;0m INFO 09-24 13:33:41 [gpu_model_runner.py:2590] Model loading took 2.4928 GiB and 0.821374 seconds
[1;36m(EngineCore_DP0 pid=157)[0;0m INFO 09-24 13:33:44 [backends.py:548] Using cache directory: /root/.cache/vllm/torch_compile_cache/fd33b57b27/rank_0_0/backbone for vLLM's torch.compile
[1;36m(EngineCore_DP0 pid=157)[0;0m INFO 09-24 13:33:44 [backends.py:559] Dynamo bytecode transform time: 3.54 s
[1;36m(EngineCore_DP0 pid=157)[0;0m INFO 09-24 13:33:47 [backends.py:197] Cache the graph for dynamic shape for later use
[1;36m(EngineCore_DP0 pid=157)[0;0m INFO 09-24 13:33:58 [backends.py:218] Compiling a graph for dynamic shape takes 13.56 s
[1;36m(EngineCore_DP0 pid=157)[0;0m INFO 09-24 13:34:31 [monitor.py:34] torch.compile takes 17.10 s in total
[1;36m(EngineCore_DP0 pid=157)[0;0m INFO 09-24 13:35:31 [gpu_worker.py:299] Available KV cache memory: 10.66 GiB
[1;36m(EngineCore_DP0 pid=157)[0;0m INFO 09-24 13:35:31 [kv_cache_utils.py:1087] GPU KV cache size: 77,632 tokens
[1;36m(EngineCore_DP0 pid=157)[0;0m INFO 09-24 13:35:31 [kv_cache_utils.py:1091] Maximum concurrency for 32,768 tokens per request: 2.37x
[1;36m(EngineCore_DP0 pid=157)[0;0m INFO 09-24 13:35:31 [utils.py:114] Connectors do not specify a kv cache layout, defaulting to NHD.
[1;36m(EngineCore_DP0 pid=157)[0;0m INFO 09-24 13:36:14 [gpu_model_runner.py:3380] Graph capturing finished in 42 secs, took 0.14 GiB
[1;36m(EngineCore_DP0 pid=157)[0;0m INFO 09-24 13:36:14 [core.py:210] init engine (profile, create kv cache, warmup model) took 153.11 seconds
[1;36m(EngineCore_DP0 pid=157)[0;0m INFO 09-24 13:36:14 [factory.py:51] Creating v1 connector with name: LMCacheConnectorV1 and engine_id: b0376a43-7f72-4aae-98a0-d1f8b6cd8464
[1;36m(EngineCore_DP0 pid=157)[0;0m WARNING 09-24 13:36:14 [base.py:86] Initializing KVConnectorBase_V1. This API is experimental and subject to change in the future as we iterate the design.
INFO 09-24 13:36:14 [llm.py:309] Supported_tasks: ['generate']
WARNING 09-24 13:36:15 [model.py:1456] Default sampling parameters have been overridden by the model's Hugging Face generation config recommended from the model creator. If this is not intended, please relaunch vLLM instance with `--generation-config vllm`.
 What is your role in the world? What is your purpose? What are your
